DEBUG:root:Add 10+ 5=15
WARNING:root:Sub 10-5=5
2022-05-31 18:29:04,978:DEBUG:Add 10+ 5=15
2022-05-31 18:29:04,979:WARNING:Sub 10-5=5
2022-05-31 19:18:11,785:DEBUG:Add 10+ 5=15
2022-05-31 19:18:11,786:WARNING:Sub 10-5=5
2022-05-31 19:18:36,622:DEBUG:Add 10+ 5=15
2022-05-31 19:18:36,622:WARNING:Sub 10-5=5
2022-05-31 23:04:56,090:DEBUG:Add 10+ 5=15
2022-05-31 23:04:56,091:WARNING:Sub 10-5=5
2022-05-31 23:07:58,772:DEBUG:Add 10+ 5=15
2022-05-31 23:07:58,773:WARNING:Sub 10-5=5
2022-05-31 23:10:08,231:INFO:created employee: John-Smitch
2022-05-31 23:10:08,232:INFO:created employee: Corey-Schafer
2022-05-31 23:10:08,232:INFO:created employee: jane-doo
2022-05-31 23:11:26,621:INFO:created employee: John-Smitch
2022-05-31 23:11:26,633:INFO:created employee: Corey-Schafer
2022-05-31 23:11:26,633:INFO:created employee: jane-doo
2022-05-31 23:11:38,463:INFO:created employee: john-doc
2022-05-31 23:23:27,009:INFO:created employee: hii-there
2022-05-31 23:24:32,989:INFO:created employee: hii-there
2022-05-31 23:24:49,677:INFO:created employee: hii-there
